
> frontend@0.0.0 build
> vite build

[36mvite v8.0.12 [32mbuilding client environment for production...[36m[39m
[2K
transforming...Γ£ô 1887 modules transformed.
node.exe : [31mΓ£ù[39m Build failed in 919ms
At line:1 char:1
+ & "C:\Program Files\nodejs/node.exe" "C:\Program Files\nodejs/node_mo ...
+ ~~~~~~~~~~~~~~~~~~~~~~~~~~~~~~~~~~~~~~~~~~~~~~~~~~~~~~~~~~~~~~~~~~~~~
    + CategoryInfo          : NotSpecified: ([31mΓ£ù[39m Build failed in 919ms:String) [], RemoteException
    + FullyQualifiedErrorId : NativeCommandError
 
[31merror during build:
[31mBuild failed with 2 errors:

[31m[builtin:vite-transform] Error:[0m Invalid Unicode escape sequence
     [38;5;246mΓò¡[0m[38;5;246mΓöÇ[0m[38;5;246m[[0m src/pages/Checkout.jsx:360:38 [38;5;246m][0m
     [38;5;246mΓöé[0m
 [38;5;246m360 Γöé[0m [38;5;249m [0m[38;5;249m [0m[38;5;249m [0m[38;5;249m [0m[38;5;249m [0m[38;5;249m 
[0m[38;5;249m [0m[38;5;249m [0m[38;5;249m [0m[38;5;249m [0m[38;5;249m [0m[38;5;249m [0m[38;5;249m 
[0m[38;5;249m [0m[38;5;249m [0m[38;5;249m [0m[38;5;249m [0m[38;5;249m 
[0m[38;5;249m<[0m[38;5;249ml[0m[38;5;249ma[0m[38;5;249mb[0m[38;5;249me[0m[38;5;249ml[0m[38;5;249m [0m[3
8;5;249mc[0m[38;5;249ml[0m[38;5;249ma[0m[38;5;249ms[0m[38;5;249ms[0m[38;5;249mN[0m[38;5;249ma[0m[38;5;249
mm[0m[38;5;249me[0m[38;5;249m=[0m[38;5;249m{[0m[38;5;249m\[0m`[38;5;249mf[0m[38;5;249mu[0m[38;5;249ml[0m
[38;5;249mf[0m[38;5;249mi[0m[38;5;249ml[0m[38;5;249ml[0m[38;5;249mm[0m[38;5;249me[0m[38;5;249mn[0m[38;5;
249mt[0m[38;5;249m-[0m[38;5;249mm[0m[38;5;249me[0m[38;5;249mt[0m[38;5;249mh[0m[38;5;249mo[0m[38;5;249md[
0m[38;5;249m-[0m[38;5;249mc[0m[38;5;249ma[0m[38;5;249mr[0m[38;5;249md[0m[38;5;249m [0m[38;5;249m\[0m[38;
5;249m$[0m[38;5;249m{[0m[38;5;249mf[0m[38;5;249mu[0m[38;5;249ml[0m[38;5;249mf[0m[38;5;249mi[0m[38;5;249ml
[0m[38;5;249ml[0m[38;5;249mm[0m[38;5;249me[0m[38;5;249mn[0m[38;5;249mt[0m[38;5;249mM[0m[38;5;249me[0m[3
8;5;249mt[0m[38;5;249mh[0m[38;5;249mo[0m[38;5;249md[0m[38;5;249m 
[0m[38;5;249m=[0m[38;5;249m=[0m[38;5;249m=[0m[38;5;249m [0m[38;5;249m'[0m[38;5;249ms[0m[38;5;249me[0m[3
8;5;249ml[0m[38;5;249ml[0m[38;5;249me[0m[38;5;249mr[0m[38;5;249m_[0m[38;5;249ms[0m[38;5;249mh[0m[38;5;249
mi[0m[38;5;249mp[0m[38;5;249mp[0m[38;5;249mi[0m[38;5;249mn[0m[38;5;249mg[0m[38;5;249m'[0m[38;5;249m 
[0m[38;5;249m?[0m[38;5;249m [0m[38;5;249m'[0m[38;5;249ma[0m[38;5;249mc[0m[38;5;249mt[0m[38;5;249mi[0m[3
8;5;249mv[0m[38;5;249me[0m[38;5;249m'[0m[38;5;249m [0m[38;5;249m:[0m[38;5;249m 
[0m[38;5;249m'[0m[38;5;249m'[0m[38;5;249m}[0m[38;5;249m\[0m[38;5;249m`[0m[38;5;249m}[0m[38;5;249m>[0m
 [38;5;240m    Γöé[0m                                      Γö¼  
 [38;5;240m    Γöé[0m                                      Γò░ΓöÇΓöÇ 
[38;5;246mΓöÇΓöÇΓöÇΓöÇΓöÇΓò»[0m

[31m[builtin:vite-transform] Error:[0m Invalid Unicode escape sequence
     [38;5;246mΓò¡[0m[38;5;246mΓöÇ[0m[38;5;246m[[0m src/pages/Checkout.jsx:360:64 [38;5;246m][0m
     [38;5;246mΓöé[0m
 [38;5;246m360 Γöé[0m [38;5;249m [0m[38;5;249m [0m[38;5;249m [0m[38;5;249m [0m[38;5;249m [0m[38;5;249m 
[0m[38;5;249m [0m[38;5;249m [0m[38;5;249m [0m[38;5;249m [0m[38;5;249m [0m[38;5;249m [0m[38;5;249m 
[0m[38;5;249m [0m[38;5;249m [0m[38;5;249m [0m[38;5;249m [0m[38;5;249m 
[0m[38;5;249m<[0m[38;5;249ml[0m[38;5;249ma[0m[38;5;249mb[0m[38;5;249me[0m[38;5;249ml[0m[38;5;249m [0m[3
8;5;249mc[0m[38;5;249ml[0m[38;5;249ma[0m[38;5;249ms[0m[38;5;249ms[0m[38;5;249mN[0m[38;5;249ma[0m[38;5;249
mm[0m[38;5;249me[0m[38;5;249m=[0m[38;5;249m{[0m[38;5;249m\[0m[38;5;249m`[0m[38;5;249mf[0m[38;5;249mu[0m
[38;5;249ml[0m[38;5;249mf[0m[38;5;249mi[0m[38;5;249ml[0m[38;5;249ml[0m[38;5;249mm[0m[38;5;249me[0m[38;5;2
49mn[0m[38;5;249mt[0m[38;5;249m-[0m[38;5;249mm[0m[38;5;249me[0m[38;5;249mt[0m[38;5;249mh[0m[38;5;249mo[0
m[38;5;249md[0m[38;5;249m-[0m[38;5;249mc[0m[38;5;249ma[0m[38;5;249mr[0m[38;5;249md[0m[38;5;249m [0m[38;5
;249m\[0m$[38;5;249m{[0m[38;5;249mf[0m[38;5;249mu[0m[38;5;249ml[0m[38;5;249mf[0m[38;5;249mi[0m[38;5;249ml
[0m[38;5;249ml[0m[38;5;249mm[0m[38;5;249me[0m[38;5;249mn[0m[38;5;249mt[0m[38;5;249mM[0m[38;5;249me[0m[3
8;5;249mt[0m[38;5;249mh[0m[38;5;249mo[0m[38;5;249md[0m[38;5;249m 
[0m[38;5;249m=[0m[38;5;249m=[0m[38;5;249m=[0m[38;5;249m [0m[38;5;249m'[0m[38;5;249ms[0m[38;5;249me[0m[3
8;5;249ml[0m[38;5;249ml[0m[38;5;249me[0m[38;5;249mr[0m[38;5;249m_[0m[38;5;249ms[0m[38;5;249mh[0m[38;5;249
mi[0m[38;5;249mp[0m[38;5;249mp[0m[38;5;249mi[0m[38;5;249mn[0m[38;5;249mg[0m[38;5;249m'[0m[38;5;249m 
[0m[38;5;249m?[0m[38;5;249m [0m[38;5;249m'[0m[38;5;249ma[0m[38;5;249mc[0m[38;5;249mt[0m[38;5;249mi[0m[3
8;5;249mv[0m[38;5;249me[0m[38;5;249m'[0m[38;5;249m [0m[38;5;249m:[0m[38;5;249m 
[0m[38;5;249m'[0m[38;5;249m'[0m[38;5;249m}[0m[38;5;249m\[0m[38;5;249m`[0m[38;5;249m}[0m[38;5;249m>[0m
 [38;5;240m    Γöé[0m                                                                Γö¼  
 [38;5;240m    Γöé[0m                                                                Γò░ΓöÇΓöÇ 
[38;5;246mΓöÇΓöÇΓöÇΓöÇΓöÇΓò»[0m
[31m
    at aggregateBindingErrorsIntoJsError 
(file:///C:/Users/LENOVO/Music/book/frontend/node_modules/rolldown/dist/shared/error-BrnLyQ-g.mjs:48:18)
    at unwrapBindingResult 
(file:///C:/Users/LENOVO/Music/book/frontend/node_modules/rolldown/dist/shared/error-BrnLyQ-g.mjs:18:128)
    at #build 
(file:///C:/Users/LENOVO/Music/book/frontend/node_modules/rolldown/dist/shared/rolldown-build-D_ShytiL.mjs:3257:34)
    at async buildEnvironment 
(file:///C:/Users/LENOVO/Music/book/frontend/node_modules/vite/dist/node/chunks/node.js:33052:64)
    at async Object.build 
(file:///C:/Users/LENOVO/Music/book/frontend/node_modules/vite/dist/node/chunks/node.js:33474:19)
    at async Object.buildApp 
(file:///C:/Users/LENOVO/Music/book/frontend/node_modules/vite/dist/node/chunks/node.js:33471:153)
    at async CAC.<anonymous> (file:///C:/Users/LENOVO/Music/book/frontend/node_modules/vite/dist/node/cli.js:778:3) {
  errors: [Getter/Setter]
}[39m
